

Wed Feb 21 16:21:17 2024
Command line: TestDisk

TestDisk 7.1, Data Recovery Utility, July 2019
Christophe GRENIER <grenier@cgsecurity.org>
https://www.cgsecurity.org
OS: Linux, kernel 5.15.0-94-generic (#104~20.04.1-Ubuntu SMP Tue Jan 16 13:34:09 UTC 2024) x86_64
Compiler: GCC 9.2
ext2fs lib: 1.45.5, ntfs lib: libntfs-3g, reiserfs lib: none, ewf lib: none, curses lib: ncurses 6.1
/dev/sda: LBA, HPA, LBA48, DCO support
/dev/sda: size       1953525168 sectors
/dev/sda: user_max   1953525168 sectors
/dev/sda: native_max 1953525168 sectors
Warning: can't get size for Disk /dev/mapper/control - 0 B - 0 sectors, sector size=512
Warning: can't get size for Disk /dev/loop13 - 0 B - 0 sectors (RO), sector size=512
Hard disk list
Disk /dev/sda - 1000 GB / 931 GiB - CHS 121601 255 63, sector size=512 - WDC WD10EZEX-08WN4A0, S/N:WD-WCC6Y6PHDF1U, FW:02.01A02
Disk /dev/loop0 - 110 MB / 105 MiB - 216720 sectors (RO), sector size=512
Disk /dev/loop1 - 366 MB / 349 MiB - 716168 sectors (RO), sector size=512
Disk /dev/loop10 - 521 MB / 496 MiB - 1017816 sectors (RO), sector size=512
Disk /dev/loop11 - 521 MB / 496 MiB - 1017608 sectors (RO), sector size=512
Disk /dev/loop12 - 170 MB / 162 MiB - 333608 sectors (RO), sector size=512
Disk /dev/loop14 - 323 MB / 308 MiB - 631240 sectors (RO), sector size=512
Disk /dev/loop15 - 58 MB / 55 MiB - 113992 sectors (RO), sector size=512
Disk /dev/loop16 - 67 MB / 63 MiB - 130880 sectors (RO), sector size=512
Disk /dev/loop17 - 228 MB / 218 MiB - 447264 sectors (RO), sector size=512
Disk /dev/loop18 - 77 MB / 74 MiB - 151784 sectors (RO), sector size=512
Disk /dev/loop19 - 366 MB / 349 MiB - 716176 sectors (RO), sector size=512
Disk /dev/loop2 - 110 MB / 105 MiB - 215872 sectors (RO), sector size=512
Disk /dev/loop20 - 58 MB / 55 MiB - 113992 sectors (RO), sector size=512
Disk /dev/loop21 - 12 MB / 12 MiB - 25240 sectors (RO), sector size=512
Disk /dev/loop22 - 42 MB / 40 MiB - 83672 sectors (RO), sector size=512
Disk /dev/loop23 - 170 MB / 162 MiB - 333104 sectors (RO), sector size=512
Disk /dev/loop24 - 67 MB / 63 MiB - 130888 sectors (RO), sector size=512
Disk /dev/loop25 - 48 MB / 45 MiB - 94064 sectors (RO), sector size=512
Disk /dev/loop26 - 85 MB / 81 MiB - 166424 sectors (RO), sector size=512
Disk /dev/loop27 - 42 MB / 40 MiB - 82800 sectors (RO), sector size=512
Disk /dev/loop28 - 67 MB / 63 MiB - 131056 sectors (RO), sector size=512
Disk /dev/loop29 - 67 MB / 63 MiB - 131056 sectors (RO), sector size=512
Disk /dev/loop3 - 4096 B - 8 sectors (RO), sector size=512
Disk /dev/loop30 - 77 MB / 74 MiB - 151992 sectors (RO), sector size=512
Disk /dev/loop4 - 175 MB / 167 MiB - 343352 sectors (RO), sector size=512
Disk /dev/loop5 - 323 MB / 308 MiB - 631248 sectors (RO), sector size=512
Disk /dev/loop6 - 180 MB / 172 MiB - 353256 sectors (RO), sector size=512
Disk /dev/loop7 - 49 MB / 46 MiB - 95992 sectors (RO), sector size=512
Disk /dev/loop8 - 96 MB / 91 MiB - 187776 sectors (RO), sector size=512
Disk /dev/loop9 - 228 MB / 218 MiB - 447264 sectors (RO), sector size=512
Disk /dev/nvme0n1 - 14 GB / 13 GiB - CHS 13736 64 32, sector size=512

Partition table type (auto): EFI GPT
Disk /dev/sda - 1000 GB / 931 GiB - WDC WD10EZEX-08WN4A0
Partition table type: EFI GPT

Interface Advanced
hdr_size=92
hdr_lba_self=1
hdr_lba_alt=1953525167 (expected 1953525167)
hdr_lba_start=34
hdr_lba_end=1953525134
hdr_lba_table=2
hdr_entries=128
hdr_entsz=128
 1 P EFI System                  2048    1050623    1048576 [EFI System Partition]
 2 P Linux filesys. data      1050624 1953523711 1952473088
Incomplete image created.
SIGINT detected! TestDisk has been killed.
